C:/TouchGFXProjects/KeyboardTest/Core/Src/main.c:681:6:StartDefaultTask	8	static
C:/TouchGFXProjects/KeyboardTest/Core/Src/main.c:701:6:StartTaskUSB	64	static
C:/TouchGFXProjects/KeyboardTest/Core/Src/main.c:244:6:SystemClock_Config	144	static
C:/TouchGFXProjects/KeyboardTest/Core/Src/main.c:128:5:main	112	static,ignoring_inline_asm
C:/TouchGFXProjects/KeyboardTest/Core/Src/main.c:836:6:HAL_TIM_PeriodElapsedCallback	0	static
C:/TouchGFXProjects/KeyboardTest/Core/Src/main.c:853:6:Error_Handler	0	static
