C:/TouchGFXProjects/KeyboardTest/Middlewares/ST/STM32_USB_Device_Library/Class/HID/Src/usbd_hid.c:924:16:USBD_HID_DataIn	0	static
C:/TouchGFXProjects/KeyboardTest/Middlewares/ST/STM32_USB_Device_Library/Class/HID/Src/usbd_hid.c:941:17:USBD_HID_GetDeviceQualifierDesc	0	static
C:/TouchGFXProjects/KeyboardTest/Middlewares/ST/STM32_USB_Device_Library/Class/HID/Src/usbd_hid.c:809:17:USBD_HID_GetFSCfgDescKeyboard	8	static
C:/TouchGFXProjects/KeyboardTest/Middlewares/ST/STM32_USB_Device_Library/Class/HID/Src/usbd_hid.c:851:17:USBD_HID_GetHSCfgDescKeyboard	8	static
C:/TouchGFXProjects/KeyboardTest/Middlewares/ST/STM32_USB_Device_Library/Class/HID/Src/usbd_hid.c:830:17:USBD_HID_GetFSCfgDescMouse	8	static
C:/TouchGFXProjects/KeyboardTest/Middlewares/ST/STM32_USB_Device_Library/Class/HID/Src/usbd_hid.c:876:17:USBD_HID_GetHSCfgDescMouse	8	static
C:/TouchGFXProjects/KeyboardTest/Middlewares/ST/STM32_USB_Device_Library/Class/HID/Src/usbd_hid.c:488:16:USBD_HID_SetupKeyboard	16	static
C:/TouchGFXProjects/KeyboardTest/Middlewares/ST/STM32_USB_Device_Library/Class/HID/Src/usbd_hid.c:614:16:USBD_HID_SetupMouse	16	static
C:/TouchGFXProjects/KeyboardTest/Middlewares/ST/STM32_USB_Device_Library/Class/HID/Src/usbd_hid.c:457:16:USBD_HID_DeInit	16	static
C:/TouchGFXProjects/KeyboardTest/Middlewares/ST/STM32_USB_Device_Library/Class/HID/Src/usbd_hid.c:410:16:USBD_HID_Init	16	static
C:/TouchGFXProjects/KeyboardTest/Middlewares/ST/STM32_USB_Device_Library/Class/HID/Src/usbd_hid.c:899:17:USBD_HID_GetOtherSpeedCfgDesc	8	static
C:/TouchGFXProjects/KeyboardTest/Middlewares/ST/STM32_USB_Device_Library/Class/HID/Src/usbd_hid.c:746:9:USBD_HID_SendReport	8	static
C:/TouchGFXProjects/KeyboardTest/Middlewares/ST/STM32_USB_Device_Library/Class/HID/Src/usbd_hid.c:779:10:USBD_HID_GetPollingInterval	0	static
