../../Middlewares/ST/touchgfx/framework/include/touchgfx/Drawable.hpp:121:18:virtual void touchgfx::Drawable::invalidateContent() const	0	static
../../Middlewares/ST/touchgfx/framework/include/touchgfx/Drawable.hpp:315:18:virtual void touchgfx::Drawable::setX(int16_t)	0	static
../../Middlewares/ST/touchgfx/framework/include/touchgfx/Drawable.hpp:327:18:virtual void touchgfx::Drawable::setY(int16_t)	0	static
../../Middlewares/ST/touchgfx/framework/include/touchgfx/Drawable.hpp:356:18:virtual void touchgfx::Drawable::setWidth(int16_t)	0	static
../../Middlewares/ST/touchgfx/framework/include/touchgfx/Drawable.hpp:368:18:virtual void touchgfx::Drawable::setHeight(int16_t)	0	static
../../Middlewares/ST/touchgfx/framework/include/touchgfx/Drawable.hpp:378:18:virtual void touchgfx::Drawable::childGeometryChanged()	0	static
../../Middlewares/ST/touchgfx/framework/include/touchgfx/Drawable.hpp:389:18:virtual void touchgfx::Drawable::handleClickEvent(const touchgfx::ClickEvent&)	0	static
../../Middlewares/ST/touchgfx/framework/include/touchgfx/Drawable.hpp:401:18:virtual void touchgfx::Drawable::handleGestureEvent(const touchgfx::GestureEvent&)	0	static
../../Middlewares/ST/touchgfx/framework/include/touchgfx/Drawable.hpp:490:18:virtual void touchgfx::Drawable::handleDragEvent(const touchgfx::DragEvent&)	0	static
../../Middlewares/ST/touchgfx/framework/include/touchgfx/Drawable.hpp:501:18:virtual void touchgfx::Drawable::handleTickEvent()	0	static
../../Middlewares/ST/touchgfx/framework/include/touchgfx/Drawable.hpp:588:18:virtual void touchgfx::Drawable::moveTo(int16_t, int16_t)	0	static
../../Middlewares/ST/touchgfx/framework/include/touchgfx/containers/Container.hpp:165:23:virtual touchgfx::Drawable* touchgfx::Container::getFirstChild()	0	static
../../Middlewares/ST/touchgfx/framework/include/touchgfx/TypedText.hpp:65:13:touchgfx::TypedText::~TypedText()	0	static
../../TouchGFX/gui/include/gui/common/FullScreenKeyboard.h:23:10:FullScreenKeyboard::~FullScreenKeyboard()	0	static
C:/TouchGFXProjects/KeyboardTest/TouchGFX/gui/src/common/FullScreenKeyboard.cpp:59:6:void FullScreenKeyboard::escPressedHandler()	0	static
../../Middlewares/ST/touchgfx/framework/include/touchgfx/Callback.hpp:357:8:touchgfx::Callback<FullScreenKeyboard, short unsigned int>::~Callback()	0	static
../../Middlewares/ST/touchgfx/framework/include/touchgfx/Callback.hpp:424:8:touchgfx::Callback<FullScreenKeyboard>::~Callback()	0	static
../../Middlewares/ST/touchgfx/framework/include/touchgfx/Callback.hpp:386:18:void touchgfx::Callback<dest_type, T1, void, void>::execute(T1) [with dest_type = FullScreenKeyboard; T1 = short unsigned int]	4	static
../../Middlewares/ST/touchgfx/framework/include/touchgfx/Callback.hpp:396:18:bool touchgfx::Callback<dest_type, T1, void, void>::isValid() const [with dest_type = FullScreenKeyboard; T1 = short unsigned int]	0	static
../../Middlewares/ST/touchgfx/framework/include/touchgfx/Callback.hpp:449:18:void touchgfx::Callback<dest_type, void, void, void>::execute() [with dest_type = FullScreenKeyboard]	0	static
../../Middlewares/ST/touchgfx/framework/include/touchgfx/Callback.hpp:459:18:bool touchgfx::Callback<dest_type, void, void, void>::isValid() const [with dest_type = FullScreenKeyboard]	0	static
../../Middlewares/ST/touchgfx/framework/include/touchgfx/TypedText.hpp:65:13:virtual touchgfx::TypedText::~TypedText()	8	static
../../Middlewares/ST/touchgfx/framework/include/touchgfx/Callback.hpp:424:8:virtual touchgfx::Callback<FullScreenKeyboard>::~Callback()	8	static
../../Middlewares/ST/touchgfx/framework/include/touchgfx/Callback.hpp:357:8:virtual touchgfx::Callback<FullScreenKeyboard, short unsigned int>::~Callback()	8	static
../../TouchGFX/gui/include/gui/common/FullScreenKeyboard.h:23:10:virtual FullScreenKeyboard::~FullScreenKeyboard()	8	static
C:/TouchGFXProjects/KeyboardTest/TouchGFX/gui/src/common/FullScreenKeyboard.cpp:109:6:void FullScreenKeyboard::keyPressedhandler(touchgfx::Unicode::UnicodeChar)	0	static
C:/TouchGFXProjects/KeyboardTest/TouchGFX/gui/src/common/FullScreenKeyboard.cpp:100:6:void FullScreenKeyboard::modPressedHandler()	0	static
C:/TouchGFXProjects/KeyboardTest/TouchGFX/gui/src/common/FullScreenKeyboard.cpp:104:6:void FullScreenKeyboard::altPressedHandler()	0	static
C:/TouchGFXProjects/KeyboardTest/TouchGFX/gui/src/common/FullScreenKeyboard.cpp:64:6:void FullScreenKeyboard::delPressedHandler()	0	static
C:/TouchGFXProjects/KeyboardTest/TouchGFX/gui/src/common/FullScreenKeyboard.cpp:69:6:void FullScreenKeyboard::tabPressedHandler()	0	static
C:/TouchGFXProjects/KeyboardTest/TouchGFX/gui/src/common/FullScreenKeyboard.cpp:73:6:void FullScreenKeyboard::backspacePressedHandler()	0	static
C:/TouchGFXProjects/KeyboardTest/TouchGFX/gui/src/common/FullScreenKeyboard.cpp:78:6:void FullScreenKeyboard::enterPressedHandler()	0	static
C:/TouchGFXProjects/KeyboardTest/TouchGFX/gui/src/common/FullScreenKeyboard.cpp:83:6:void FullScreenKeyboard::shiftPressedHandler()	0	static
C:/TouchGFXProjects/KeyboardTest/TouchGFX/gui/src/common/FullScreenKeyboard.cpp:87:6:void FullScreenKeyboard::homePressedHandler()	0	static
C:/TouchGFXProjects/KeyboardTest/TouchGFX/gui/src/common/FullScreenKeyboard.cpp:91:6:void FullScreenKeyboard::endPressedHandler()	0	static
C:/TouchGFXProjects/KeyboardTest/TouchGFX/gui/src/common/FullScreenKeyboard.cpp:96:6:void FullScreenKeyboard::ctrlPressedHandler()	0	static
C:/TouchGFXProjects/KeyboardTest/TouchGFX/gui/src/common/FullScreenKeyboard.cpp:12:1:FullScreenKeyboard::FullScreenKeyboard()	16	static
C:/TouchGFXProjects/KeyboardTest/TouchGFX/gui/src/common/FullScreenKeyboard.cpp:113:1:cpp)	36	static
