../../Middlewares/ST/touchgfx/framework/include/touchgfx/Screen.hpp:104:18:virtual void touchgfx::Screen::afterTransition()	0	static
../../Middlewares/ST/touchgfx/framework/include/touchgfx/Screen.hpp:144:18:virtual void touchgfx::Screen::handleTickEvent()	0	static
../../Middlewares/ST/touchgfx/framework/include/touchgfx/Screen.hpp:154:18:virtual void touchgfx::Screen::handleKeyEvent(uint8_t)	0	static
../../Middlewares/ST/touchgfx/framework/include/touchgfx/TypedText.hpp:65:13:touchgfx::TypedText::~TypedText()	0	static
C:/TouchGFXProjects/KeyboardTest/TouchGFX/gui/src/keyboardscreen_screen/KeyboardScreenView.cpp:56:6:virtual void KeyboardScreenView::tearDownScreen()	0	static
../../Middlewares/ST/touchgfx/framework/include/touchgfx/Callback.hpp:357:8:touchgfx::Callback<KeyboardScreenView, short unsigned int>::~Callback()	0	static
../../Middlewares/ST/touchgfx/framework/include/touchgfx/Callback.hpp:424:8:touchgfx::Callback<KeyboardScreenView>::~Callback()	0	static
../../Middlewares/ST/touchgfx/framework/include/touchgfx/Callback.hpp:386:18:void touchgfx::Callback<dest_type, T1, void, void>::execute(T1) [with dest_type = KeyboardScreenView; T1 = short unsigned int]	4	static
../../Middlewares/ST/touchgfx/framework/include/touchgfx/Callback.hpp:396:18:bool touchgfx::Callback<dest_type, T1, void, void>::isValid() const [with dest_type = KeyboardScreenView; T1 = short unsigned int]	0	static
../../Middlewares/ST/touchgfx/framework/include/touchgfx/Callback.hpp:449:18:void touchgfx::Callback<dest_type, void, void, void>::execute() [with dest_type = KeyboardScreenView]	0	static
../../Middlewares/ST/touchgfx/framework/include/touchgfx/Callback.hpp:459:18:bool touchgfx::Callback<dest_type, void, void, void>::isValid() const [with dest_type = KeyboardScreenView]	0	static
../../Middlewares/ST/touchgfx/framework/include/touchgfx/TypedText.hpp:65:13:virtual touchgfx::TypedText::~TypedText()	8	static
../../Middlewares/ST/touchgfx/framework/include/touchgfx/Callback.hpp:424:8:virtual touchgfx::Callback<KeyboardScreenView>::~Callback()	8	static
../../Middlewares/ST/touchgfx/framework/include/touchgfx/Callback.hpp:357:8:virtual touchgfx::Callback<KeyboardScreenView, short unsigned int>::~Callback()	8	static
C:/TouchGFXProjects/KeyboardTest/TouchGFX/gui/src/keyboardscreen_screen/KeyboardScreenView.cpp:61:6:void KeyboardScreenView::escPressedHandler()	0	static
C:/TouchGFXProjects/KeyboardTest/TouchGFX/gui/src/keyboardscreen_screen/KeyboardScreenView.cpp:67:6:void KeyboardScreenView::delPressedHandler()	0	static
C:/TouchGFXProjects/KeyboardTest/TouchGFX/gui/src/keyboardscreen_screen/KeyboardScreenView.cpp:72:6:void KeyboardScreenView::tabPressedHandler()	0	static
C:/TouchGFXProjects/KeyboardTest/TouchGFX/gui/src/keyboardscreen_screen/KeyboardScreenView.cpp:76:6:void KeyboardScreenView::backspacePressedHandler()	0	static
C:/TouchGFXProjects/KeyboardTest/TouchGFX/gui/src/keyboardscreen_screen/KeyboardScreenView.cpp:81:6:void KeyboardScreenView::enterPressedHandler()	0	static
C:/TouchGFXProjects/KeyboardTest/TouchGFX/gui/src/keyboardscreen_screen/KeyboardScreenView.cpp:90:6:void KeyboardScreenView::homePressedHandler()	0	static
C:/TouchGFXProjects/KeyboardTest/TouchGFX/gui/src/keyboardscreen_screen/KeyboardScreenView.cpp:94:6:void KeyboardScreenView::endPressedHandler()	0	static
C:/TouchGFXProjects/KeyboardTest/TouchGFX/gui/src/keyboardscreen_screen/KeyboardScreenView.cpp:86:6:void KeyboardScreenView::shiftPressedHandler()	0	static
C:/TouchGFXProjects/KeyboardTest/TouchGFX/gui/src/keyboardscreen_screen/KeyboardScreenView.cpp:99:6:void KeyboardScreenView::ctrlPressedHandler()	0	static
C:/TouchGFXProjects/KeyboardTest/TouchGFX/gui/src/keyboardscreen_screen/KeyboardScreenView.cpp:103:6:void KeyboardScreenView::modPressedHandler()	0	static
C:/TouchGFXProjects/KeyboardTest/TouchGFX/gui/src/keyboardscreen_screen/KeyboardScreenView.cpp:107:6:void KeyboardScreenView::altPressedHandler()	0	static
C:/TouchGFXProjects/KeyboardTest/TouchGFX/gui/src/keyboardscreen_screen/KeyboardScreenView.cpp:112:6:void KeyboardScreenView::keyPressedhandler(touchgfx::Unicode::UnicodeChar)	8	static
../../TouchGFX/gui/include/gui/keyboardscreen_screen/KeyboardScreenView.hpp:12:13:KeyboardScreenView::~KeyboardScreenView()	8	static
../../TouchGFX/gui/include/gui/keyboardscreen_screen/KeyboardScreenView.hpp:12:13:virtual KeyboardScreenView::~KeyboardScreenView()	8	static
C:/TouchGFXProjects/KeyboardTest/TouchGFX/gui/src/keyboardscreen_screen/KeyboardScreenView.cpp:5:1:KeyboardScreenView::KeyboardScreenView()	16	static
C:/TouchGFXProjects/KeyboardTest/TouchGFX/gui/src/keyboardscreen_screen/KeyboardScreenView.cpp:119:1:cpp)	36	static
C:/TouchGFXProjects/KeyboardTest/TouchGFX/gui/src/keyboardscreen_screen/KeyboardScreenView.cpp:51:6:virtual void KeyboardScreenView::setupScreen()	0	static
