../../TouchGFX/gui/include/gui/keyboardscreen_screen/KeyboardScreenPresenter.hpp:33:13:KeyboardScreenPresenter::~KeyboardScreenPresenter()	0	static
../../Middlewares/ST/touchgfx/framework/include/touchgfx/TypedText.hpp:65:13:touchgfx::TypedText::~TypedText()	0	static
C:/TouchGFXProjects/KeyboardTest/TouchGFX/gui/src/keyboardscreen_screen/KeyboardScreenPresenter.cpp:10:6:virtual void KeyboardScreenPresenter::activate()	0	static
C:/TouchGFXProjects/KeyboardTest/TouchGFX/gui/src/keyboardscreen_screen/KeyboardScreenPresenter.cpp:20:6:virtual void KeyboardScreenPresenter::HandleButtonPressed()	0	static
../../Middlewares/ST/touchgfx/framework/include/touchgfx/TypedText.hpp:65:13:virtual touchgfx::TypedText::~TypedText()	8	static
../../TouchGFX/gui/include/gui/keyboardscreen_screen/KeyboardScreenPresenter.hpp:33:13:virtual KeyboardScreenPresenter::~KeyboardScreenPresenter()	8	static
../../TouchGFX/gui/include/gui/keyboardscreen_screen/KeyboardScreenPresenter.hpp:33:13:virtual void* KeyboardScreenPresenter::_ZThn4_N23KeyboardScreenPresenterD1Ev()	0	static
../../TouchGFX/gui/include/gui/keyboardscreen_screen/KeyboardScreenPresenter.hpp:33:13:virtual void* KeyboardScreenPresenter::_ZThn4_N23KeyboardScreenPresenterD0Ev()	8	static
../../TouchGFX/gui/include/gui/keyboardscreen_screen/KeyboardScreenPresenter.hpp:29:10:virtual void KeyboardScreenPresenter::_ZThn4_N23KeyboardScreenPresenter19HandleButtonPressedEv()	0	static
C:/TouchGFXProjects/KeyboardTest/TouchGFX/gui/src/keyboardscreen_screen/KeyboardScreenPresenter.cpp:4:1:KeyboardScreenPresenter::KeyboardScreenPresenter(KeyboardScreenView&)	4	static
C:/TouchGFXProjects/KeyboardTest/TouchGFX/gui/src/keyboardscreen_screen/KeyboardScreenPresenter.cpp:25:6:void KeyboardScreenPresenter::toggleKeyboardModifier(uint8_t)	0	static
C:/TouchGFXProjects/KeyboardTest/TouchGFX/gui/src/keyboardscreen_screen/KeyboardScreenPresenter.cpp:30:6:void KeyboardScreenPresenter::handleNormalKey(uint16_t)	0	static
C:/TouchGFXProjects/KeyboardTest/TouchGFX/gui/src/keyboardscreen_screen/KeyboardScreenPresenter.cpp:33:1:cpp)	0	static
