../../Middlewares/ST/touchgfx/framework/include/touchgfx/Screen.hpp:104:18:virtual void touchgfx::Screen::afterTransition()	0	static
../../Middlewares/ST/touchgfx/framework/include/touchgfx/Screen.hpp:144:18:virtual void touchgfx::Screen::handleTickEvent()	0	static
../../Middlewares/ST/touchgfx/framework/include/touchgfx/Screen.hpp:154:18:virtual void touchgfx::Screen::handleKeyEvent(uint8_t)	0	static
C:/TouchGFXProjects/KeyboardTest/TouchGFX/gui/src/touchpadscreen_screen/TouchpadScreenView.cpp:18:6:virtual void TouchpadScreenView::tearDownScreen()	0	static
C:/TouchGFXProjects/KeyboardTest/TouchGFX/gui/src/touchpadscreen_screen/TouchpadScreenView.cpp:4:1:TouchpadScreenView::TouchpadScreenView()	8	static
C:/TouchGFXProjects/KeyboardTest/TouchGFX/gui/src/touchpadscreen_screen/TouchpadScreenView.cpp:9:6:virtual void TouchpadScreenView::setupScreen()	8	static
../../TouchGFX/gui/include/gui/touchpadscreen_screen/TouchpadScreenView.hpp:17:13:TouchpadScreenView::~TouchpadScreenView()	8	static
../../TouchGFX/gui/include/gui/touchpadscreen_screen/TouchpadScreenView.hpp:17:13:virtual TouchpadScreenView::~TouchpadScreenView()	8	static
C:/TouchGFXProjects/KeyboardTest/TouchGFX/gui/src/touchpadscreen_screen/TouchpadScreenView.cpp:23:6:virtual void TouchpadScreenView::handleDragEvent(const touchgfx::DragEvent&)	16	static
C:/TouchGFXProjects/KeyboardTest/TouchGFX/gui/src/touchpadscreen_screen/TouchpadScreenView.cpp:32:6:virtual void TouchpadScreenView::handleClickEvent(const touchgfx::ClickEvent&)	16	static
