../../Middlewares/ST/touchgfx/framework/include/touchgfx/Screen.hpp:104:18:virtual void touchgfx::Screen::afterTransition()	0	static
../../Middlewares/ST/touchgfx/framework/include/touchgfx/Screen.hpp:115:18:virtual void touchgfx::Screen::tearDownScreen()	0	static
../../Middlewares/ST/touchgfx/framework/include/touchgfx/Screen.hpp:144:18:virtual void touchgfx::Screen::handleTickEvent()	0	static
../../Middlewares/ST/touchgfx/framework/include/touchgfx/Screen.hpp:154:18:virtual void touchgfx::Screen::handleKeyEvent(uint8_t)	0	static
C:/TouchGFXProjects/KeyboardTest/TouchGFX/generated/gui_generated/src/screen1_screen/Screen1ViewBase.cpp:19:1:Screen1ViewBase::~Screen1ViewBase()	0	static
C:/TouchGFXProjects/KeyboardTest/TouchGFX/generated/gui_generated/src/screen1_screen/Screen1ViewBase.cpp:24:6:virtual void Screen1ViewBase::setupScreen()	0	static
C:/TouchGFXProjects/KeyboardTest/TouchGFX/generated/gui_generated/src/screen1_screen/Screen1ViewBase.cpp:19:1:virtual Screen1ViewBase::~Screen1ViewBase()	8	static
C:/TouchGFXProjects/KeyboardTest/TouchGFX/generated/gui_generated/src/screen1_screen/Screen1ViewBase.cpp:8:1:Screen1ViewBase::Screen1ViewBase()	24	static
